
Merging program properties


As-needed library included to satisfy reference by file (symbol)

libc.so.6                     ./src/stats.o (qsort@@GLIBC_2.2.5)

Discarded input sections

 .note.GNU-stack
                0x0000000000000000        0x0 /usr/lib/gcc/x86_64-linux-gnu/11/../../../x86_64-linux-gnu/Scrt1.o
 .note.gnu.property
                0x0000000000000000       0x20 /usr/lib/gcc/x86_64-linux-gnu/11/../../../x86_64-linux-gnu/crti.o
 .note.GNU-stack
                0x0000000000000000        0x0 /usr/lib/gcc/x86_64-linux-gnu/11/../../../x86_64-linux-gnu/crti.o
 .note.GNU-stack
                0x0000000000000000        0x0 /usr/lib/gcc/x86_64-linux-gnu/11/crtbeginS.o
 .note.gnu.property
                0x0000000000000000       0x20 /usr/lib/gcc/x86_64-linux-gnu/11/crtbeginS.o
 .note.GNU-stack
                0x0000000000000000        0x0 ./src/main.o
 .note.gnu.property
                0x0000000000000000       0x20 ./src/main.o
 .note.GNU-stack
                0x0000000000000000        0x0 ./src/memory.o
 .note.gnu.property
                0x0000000000000000       0x20 ./src/memory.o
 .note.GNU-stack
                0x0000000000000000        0x0 ./src/course1.o
 .note.gnu.property
                0x0000000000000000       0x20 ./src/course1.o
 .note.GNU-stack
                0x0000000000000000        0x0 ./src/data.o
 .note.gnu.property
                0x0000000000000000       0x20 ./src/data.o
 .note.GNU-stack
                0x0000000000000000        0x0 ./src/stats.o
 .note.gnu.property
                0x0000000000000000       0x20 ./src/stats.o
 .note.GNU-stack
                0x0000000000000000        0x0 /usr/lib/gcc/x86_64-linux-gnu/11/crtendS.o
 .note.gnu.property
                0x0000000000000000       0x20 /usr/lib/gcc/x86_64-linux-gnu/11/crtendS.o
 .note.gnu.property
                0x0000000000000000       0x20 /usr/lib/gcc/x86_64-linux-gnu/11/../../../x86_64-linux-gnu/crtn.o
 .note.GNU-stack
                0x0000000000000000        0x0 /usr/lib/gcc/x86_64-linux-gnu/11/../../../x86_64-linux-gnu/crtn.o

Memory Configuration

Name             Origin             Length             Attributes
*default*        0x0000000000000000 0xffffffffffffffff

Linker script and memory map

LOAD /usr/lib/gcc/x86_64-linux-gnu/11/../../../x86_64-linux-gnu/Scrt1.o
LOAD /usr/lib/gcc/x86_64-linux-gnu/11/../../../x86_64-linux-gnu/crti.o
LOAD /usr/lib/gcc/x86_64-linux-gnu/11/crtbeginS.o
LOAD ./src/main.o
LOAD ./src/memory.o
LOAD ./src/course1.o
LOAD ./src/data.o
LOAD ./src/stats.o
LOAD /usr/lib/gcc/x86_64-linux-gnu/11/libgcc.a
LOAD /usr/lib/gcc/x86_64-linux-gnu/11/libgcc_s.so
START GROUP
LOAD /usr/lib/gcc/x86_64-linux-gnu/11/../../../x86_64-linux-gnu/libgcc_s.so.1
LOAD /usr/lib/gcc/x86_64-linux-gnu/11/libgcc.a
END GROUP
LOAD /usr/lib/gcc/x86_64-linux-gnu/11/../../../x86_64-linux-gnu/libc.so
START GROUP
LOAD /lib/x86_64-linux-gnu/libc.so.6
LOAD /usr/lib/x86_64-linux-gnu/libc_nonshared.a
LOAD /lib64/ld-linux-x86-64.so.2
END GROUP
LOAD /usr/lib/gcc/x86_64-linux-gnu/11/libgcc.a
LOAD /usr/lib/gcc/x86_64-linux-gnu/11/libgcc_s.so
START GROUP
LOAD /usr/lib/gcc/x86_64-linux-gnu/11/../../../x86_64-linux-gnu/libgcc_s.so.1
LOAD /usr/lib/gcc/x86_64-linux-gnu/11/libgcc.a
END GROUP
LOAD /usr/lib/gcc/x86_64-linux-gnu/11/crtendS.o
LOAD /usr/lib/gcc/x86_64-linux-gnu/11/../../../x86_64-linux-gnu/crtn.o
                [!provide]                        PROVIDE (__executable_start = SEGMENT_START ("text-segment", 0x0))
                0x0000000000000318                . = (SEGMENT_START ("text-segment", 0x0) + SIZEOF_HEADERS)

.interp         0x0000000000000318       0x1c
 *(.interp)
 .interp        0x0000000000000318       0x1c /usr/lib/gcc/x86_64-linux-gnu/11/../../../x86_64-linux-gnu/Scrt1.o

.note.gnu.property
                0x0000000000000338       0x30
 .note.gnu.property
                0x0000000000000338       0x30 /usr/lib/gcc/x86_64-linux-gnu/11/../../../x86_64-linux-gnu/Scrt1.o

.note.gnu.build-id
                0x0000000000000368       0x24
 *(.note.gnu.build-id)
 .note.gnu.build-id
                0x0000000000000368       0x24 /usr/lib/gcc/x86_64-linux-gnu/11/../../../x86_64-linux-gnu/Scrt1.o

.note.ABI-tag   0x000000000000038c       0x20
 .note.ABI-tag  0x000000000000038c       0x20 /usr/lib/gcc/x86_64-linux-gnu/11/../../../x86_64-linux-gnu/Scrt1.o

.hash
 *(.hash)

.gnu.hash       0x00000000000003b0       0x24
 *(.gnu.hash)
 .gnu.hash      0x00000000000003b0       0x24 /usr/lib/gcc/x86_64-linux-gnu/11/../../../x86_64-linux-gnu/Scrt1.o

.dynsym         0x00000000000003d8      0x138
 *(.dynsym)
 .dynsym        0x00000000000003d8      0x138 /usr/lib/gcc/x86_64-linux-gnu/11/../../../x86_64-linux-gnu/Scrt1.o

.dynstr         0x0000000000000510       0xcf
 *(.dynstr)
 .dynstr        0x0000000000000510       0xcf /usr/lib/gcc/x86_64-linux-gnu/11/../../../x86_64-linux-gnu/Scrt1.o

.gnu.version    0x00000000000005e0       0x1a
 *(.gnu.version)
 .gnu.version   0x00000000000005e0       0x1a /usr/lib/gcc/x86_64-linux-gnu/11/../../../x86_64-linux-gnu/Scrt1.o

.gnu.version_d  0x0000000000000600        0x0
 *(.gnu.version_d)
 .gnu.version_d
                0x0000000000000600        0x0 /usr/lib/gcc/x86_64-linux-gnu/11/../../../x86_64-linux-gnu/Scrt1.o

.gnu.version_r  0x0000000000000600       0x40
 *(.gnu.version_r)
 .gnu.version_r
                0x0000000000000600       0x40 /usr/lib/gcc/x86_64-linux-gnu/11/../../../x86_64-linux-gnu/Scrt1.o

.rela.dyn       0x0000000000000640       0xc0
 *(.rela.init)
 *(.rela.text .rela.text.* .rela.gnu.linkonce.t.*)
 *(.rela.fini)
 *(.rela.rodata .rela.rodata.* .rela.gnu.linkonce.r.*)
 *(.rela.data .rela.data.* .rela.gnu.linkonce.d.*)
 .rela.data.rel.ro
                0x0000000000000640        0x0 /usr/lib/gcc/x86_64-linux-gnu/11/../../../x86_64-linux-gnu/Scrt1.o
 .rela.data.rel.local
                0x0000000000000640       0x18 /usr/lib/gcc/x86_64-linux-gnu/11/../../../x86_64-linux-gnu/Scrt1.o
 *(.rela.tdata .rela.tdata.* .rela.gnu.linkonce.td.*)
 *(.rela.tbss .rela.tbss.* .rela.gnu.linkonce.tb.*)
 *(.rela.ctors)
 *(.rela.dtors)
 *(.rela.got)
 .rela.got      0x0000000000000658       0x78 /usr/lib/gcc/x86_64-linux-gnu/11/../../../x86_64-linux-gnu/Scrt1.o
 *(.rela.bss .rela.bss.* .rela.gnu.linkonce.b.*)
 .rela.bss      0x00000000000006d0        0x0 /usr/lib/gcc/x86_64-linux-gnu/11/../../../x86_64-linux-gnu/Scrt1.o
 *(.rela.ldata .rela.ldata.* .rela.gnu.linkonce.l.*)
 *(.rela.lbss .rela.lbss.* .rela.gnu.linkonce.lb.*)
 *(.rela.lrodata .rela.lrodata.* .rela.gnu.linkonce.lr.*)
 *(.rela.ifunc)
 .rela.ifunc    0x00000000000006d0        0x0 /usr/lib/gcc/x86_64-linux-gnu/11/../../../x86_64-linux-gnu/Scrt1.o
 .rela.fini_array
                0x00000000000006d0       0x18 /usr/lib/gcc/x86_64-linux-gnu/11/../../../x86_64-linux-gnu/Scrt1.o
 .rela.init_array
                0x00000000000006e8       0x18 /usr/lib/gcc/x86_64-linux-gnu/11/../../../x86_64-linux-gnu/Scrt1.o

.rela.plt       0x0000000000000700       0xa8
 *(.rela.plt)
 .rela.plt      0x0000000000000700       0xa8 /usr/lib/gcc/x86_64-linux-gnu/11/../../../x86_64-linux-gnu/Scrt1.o
 *(.rela.iplt)

.relr.dyn
 *(.relr.dyn)
                0x0000000000001000                . = ALIGN (CONSTANT (MAXPAGESIZE))

.init           0x0000000000001000       0x1b
 *(SORT_NONE(.init))
 .init          0x0000000000001000       0x16 /usr/lib/gcc/x86_64-linux-gnu/11/../../../x86_64-linux-gnu/crti.o
                0x0000000000001000                _init
 .init          0x0000000000001016        0x5 /usr/lib/gcc/x86_64-linux-gnu/11/../../../x86_64-linux-gnu/crtn.o

.plt            0x0000000000001020       0x80
 *(.plt)
 .plt           0x0000000000001020       0x80 /usr/lib/gcc/x86_64-linux-gnu/11/../../../x86_64-linux-gnu/Scrt1.o
 *(.iplt)

.plt.got        0x00000000000010a0       0x10
 *(.plt.got)
 .plt.got       0x00000000000010a0       0x10 /usr/lib/gcc/x86_64-linux-gnu/11/../../../x86_64-linux-gnu/Scrt1.o
                0x00000000000010a0                __cxa_finalize@@GLIBC_2.2.5

.plt.sec        0x00000000000010b0       0x70
 *(.plt.sec)
 .plt.sec       0x00000000000010b0       0x70 /usr/lib/gcc/x86_64-linux-gnu/11/../../../x86_64-linux-gnu/Scrt1.o
                0x00000000000010b0                free@@GLIBC_2.2.5
                0x00000000000010c0                puts@@GLIBC_2.2.5
                0x00000000000010d0                qsort@@GLIBC_2.2.5
                0x00000000000010e0                __stack_chk_fail@@GLIBC_2.4
                0x00000000000010f0                printf@@GLIBC_2.2.5
                0x0000000000001100                __assert_fail@@GLIBC_2.2.5
                0x0000000000001110                malloc@@GLIBC_2.2.5

.text           0x0000000000001120     0x112c
 *(.text.unlikely .text.*_unlikely .text.unlikely.*)
 *(.text.exit .text.exit.*)
 *(.text.startup .text.startup.*)
 *(.text.hot .text.hot.*)
 *(SORT_BY_NAME(.text.sorted.*))
 *(.text .stub .text.* .gnu.linkonce.t.*)
 .text          0x0000000000001120       0x26 /usr/lib/gcc/x86_64-linux-gnu/11/../../../x86_64-linux-gnu/Scrt1.o
                0x0000000000001120                _start
 .text          0x0000000000001146        0x0 /usr/lib/gcc/x86_64-linux-gnu/11/../../../x86_64-linux-gnu/crti.o
 *fill*         0x0000000000001146        0xa 
 .text          0x0000000000001150       0xb9 /usr/lib/gcc/x86_64-linux-gnu/11/crtbeginS.o
 .text          0x0000000000001209       0x14 ./src/main.o
                0x0000000000001209                main
 .text          0x000000000000121d      0x1c2 ./src/memory.o
                0x000000000000121d                set_value
                0x0000000000001244                clear_value
                0x0000000000001270                get_value
                0x000000000000128e                set_all
                0x00000000000012d4                clear_all
                0x00000000000012fe                my_memmove
                0x0000000000001318                my_memcopy
                0x0000000000001332                my_memset
                0x000000000000134d                my_memzero
                0x0000000000001363                my_reverse
                0x0000000000001379                reserve_words
                0x00000000000013c0                free_words
 .text          0x00000000000013df      0x8bf ./src/course1.o
                0x00000000000013df                test_data1
                0x00000000000014ac                test_data2
                0x0000000000001579                test_memmove1
                0x000000000000166f                test_memmove2
                0x0000000000001765                test_memmove3
                0x0000000000001860                test_memcopy
                0x0000000000001956                test_memset
                0x0000000000001a83                test_reverse
                0x0000000000001bbd                course1
 .text          0x0000000000001c9e      0x215 ./src/data.o
                0x0000000000001c9e                my_itoa
                0x0000000000001e9a                my_atoi
 .text          0x0000000000001eb3      0x399 ./src/stats.o
                0x0000000000001eb3                print_array
                0x0000000000001f0b                comp
                0x0000000000001f35                sort_array
                0x0000000000001fae                calculate_statistics
                0x00000000000020a9                print_statistics
                0x0000000000002149                find_median
                0x0000000000002188                find_mean
                0x00000000000021dc                find_maximum
                0x0000000000002214                find_minimum
 .text          0x000000000000224c        0x0 /usr/lib/gcc/x86_64-linux-gnu/11/crtendS.o
 .text          0x000000000000224c        0x0 /usr/lib/gcc/x86_64-linux-gnu/11/../../../x86_64-linux-gnu/crtn.o
 *(.gnu.warning)

.fini           0x000000000000224c        0xd
 *(SORT_NONE(.fini))
 .fini          0x000000000000224c        0x8 /usr/lib/gcc/x86_64-linux-gnu/11/../../../x86_64-linux-gnu/crti.o
                0x000000000000224c                _fini
 .fini          0x0000000000002254        0x5 /usr/lib/gcc/x86_64-linux-gnu/11/../../../x86_64-linux-gnu/crtn.o
                [!provide]                        PROVIDE (__etext = .)
                [!provide]                        PROVIDE (_etext = .)
                [!provide]                        PROVIDE (etext = .)
                0x0000000000003000                . = ALIGN (CONSTANT (MAXPAGESIZE))
                0x0000000000003000                . = SEGMENT_START ("rodata-segment", (ALIGN (CONSTANT (MAXPAGESIZE)) + (. & (CONSTANT (MAXPAGESIZE) - 0x1))))

.rodata         0x0000000000003000      0x23c
 *(.rodata .rodata.* .gnu.linkonce.r.*)
 .rodata.cst4   0x0000000000003000        0x4 /usr/lib/gcc/x86_64-linux-gnu/11/../../../x86_64-linux-gnu/Scrt1.o
                0x0000000000003000                _IO_stdin_used
 .rodata        0x0000000000003004       0x12 ./src/memory.o
 *fill*         0x0000000000003016        0x2 
 .rodata        0x0000000000003018      0x185 ./src/course1.o
 .rodata        0x000000000000319d       0x1a ./src/data.o
 *fill*         0x00000000000031b7        0x9 
 .rodata        0x00000000000031c0       0x7c ./src/stats.o

.rodata1
 *(.rodata1)

.eh_frame_hdr   0x000000000000323c      0x134
 *(.eh_frame_hdr)
 .eh_frame_hdr  0x000000000000323c      0x134 /usr/lib/gcc/x86_64-linux-gnu/11/../../../x86_64-linux-gnu/Scrt1.o
                0x000000000000323c                __GNU_EH_FRAME_HDR
 *(.eh_frame_entry .eh_frame_entry.*)

.eh_frame       0x0000000000003370      0x4b4
 *(.eh_frame)
 .eh_frame      0x0000000000003370       0x30 /usr/lib/gcc/x86_64-linux-gnu/11/../../../x86_64-linux-gnu/Scrt1.o
                                         0x2c (size before relaxing)
 *fill*         0x00000000000033a0        0x0 
 .eh_frame      0x00000000000033a0       0x28 /usr/lib/gcc/x86_64-linux-gnu/11/../../../x86_64-linux-gnu/Scrt1.o
                                         0x40 (size before relaxing)
 .eh_frame      0x00000000000033c8       0x18 /usr/lib/gcc/x86_64-linux-gnu/11/../../../x86_64-linux-gnu/Scrt1.o
                                         0x30 (size before relaxing)
 .eh_frame      0x00000000000033e0       0x18 /usr/lib/gcc/x86_64-linux-gnu/11/../../../x86_64-linux-gnu/Scrt1.o
                                         0x30 (size before relaxing)
 .eh_frame      0x00000000000033f8       0x20 ./src/main.o
                                         0x38 (size before relaxing)
 .eh_frame      0x0000000000003418      0x180 ./src/memory.o
                                        0x198 (size before relaxing)
 .eh_frame      0x0000000000003598      0x120 ./src/course1.o
                                        0x138 (size before relaxing)
 .eh_frame      0x00000000000036b8       0x48 ./src/data.o
                                         0x60 (size before relaxing)
 .eh_frame      0x0000000000003700      0x120 ./src/stats.o
                                        0x138 (size before relaxing)
 .eh_frame      0x0000000000003820        0x4 /usr/lib/gcc/x86_64-linux-gnu/11/crtendS.o
 *(.eh_frame.*)

.gcc_except_table
 *(.gcc_except_table .gcc_except_table.*)

.gnu_extab
 *(.gnu_extab*)

.exception_ranges
 *(.exception_ranges*)
                0x0000000000004d88                . = DATA_SEGMENT_ALIGN (CONSTANT (MAXPAGESIZE), CONSTANT (COMMONPAGESIZE))

.eh_frame
 *(.eh_frame)
 *(.eh_frame.*)

.gnu_extab
 *(.gnu_extab)

.gcc_except_table
 *(.gcc_except_table .gcc_except_table.*)

.exception_ranges
 *(.exception_ranges*)

.tdata          0x0000000000004d88        0x0
                [!provide]                        PROVIDE (__tdata_start = .)
 *(.tdata .tdata.* .gnu.linkonce.td.*)

.tbss
 *(.tbss .tbss.* .gnu.linkonce.tb.*)
 *(.tcommon)

.preinit_array  0x0000000000004d88        0x0
                [!provide]                        PROVIDE (__preinit_array_start = .)
 *(.preinit_array)
                [!provide]                        PROVIDE (__preinit_array_end = .)

.init_array     0x0000000000004d88        0x8
                [!provide]                        PROVIDE (__init_array_start = .)
 *(SORT_BY_INIT_PRIORITY(.init_array.*) SORT_BY_INIT_PRIORITY(.ctors.*))
 *(.init_array EXCLUDE_FILE(*crtend?.o *crtend.o *crtbegin?.o *crtbegin.o) .ctors)
 .init_array    0x0000000000004d88        0x8 /usr/lib/gcc/x86_64-linux-gnu/11/crtbeginS.o
                [!provide]                        PROVIDE (__init_array_end = .)

.fini_array     0x0000000000004d90        0x8
                [!provide]                        PROVIDE (__fini_array_start = .)
 *(SORT_BY_INIT_PRIORITY(.fini_array.*) SORT_BY_INIT_PRIORITY(.dtors.*))
 *(.fini_array EXCLUDE_FILE(*crtend?.o *crtend.o *crtbegin?.o *crtbegin.o) .dtors)
 .fini_array    0x0000000000004d90        0x8 /usr/lib/gcc/x86_64-linux-gnu/11/crtbeginS.o
                [!provide]                        PROVIDE (__fini_array_end = .)

.ctors
 *crtbegin.o(.ctors)
 *crtbegin?.o(.ctors)
 *(EXCLUDE_FILE(*crtend?.o *crtend.o) .ctors)
 *(SORT_BY_NAME(.ctors.*))
 *(.ctors)

.dtors
 *crtbegin.o(.dtors)
 *crtbegin?.o(.dtors)
 *(EXCLUDE_FILE(*crtend?.o *crtend.o) .dtors)
 *(SORT_BY_NAME(.dtors.*))
 *(.dtors)

.jcr
 *(.jcr)

.data.rel.ro    0x0000000000004d98        0x0
 *(.data.rel.ro.local* .gnu.linkonce.d.rel.ro.local.*)
 *(.data.rel.ro .data.rel.ro.* .gnu.linkonce.d.rel.ro.*)
 .data.rel.ro   0x0000000000004d98        0x0 /usr/lib/gcc/x86_64-linux-gnu/11/../../../x86_64-linux-gnu/Scrt1.o

.dynamic        0x0000000000004d98      0x1f0
 *(.dynamic)
 .dynamic       0x0000000000004d98      0x1f0 /usr/lib/gcc/x86_64-linux-gnu/11/../../../x86_64-linux-gnu/Scrt1.o
                0x0000000000004d98                _DYNAMIC

.got            0x0000000000004f88       0x78
 *(.got.plt)
 .got.plt       0x0000000000004f88       0x50 /usr/lib/gcc/x86_64-linux-gnu/11/../../../x86_64-linux-gnu/Scrt1.o
                0x0000000000004f88                _GLOBAL_OFFSET_TABLE_
 *(.igot.plt)
 *(.got)
 .got           0x0000000000004fd8       0x28 /usr/lib/gcc/x86_64-linux-gnu/11/../../../x86_64-linux-gnu/Scrt1.o
 *(.igot)
                0x0000000000005000                . = DATA_SEGMENT_RELRO_END (., 0x0)

.data           0x0000000000005000       0x1c
 *(.data .data.* .gnu.linkonce.d.*)
 .data          0x0000000000005000        0x4 /usr/lib/gcc/x86_64-linux-gnu/11/../../../x86_64-linux-gnu/Scrt1.o
                0x0000000000005000                data_start
                0x0000000000005000                __data_start
 .data          0x0000000000005004        0x0 /usr/lib/gcc/x86_64-linux-gnu/11/../../../x86_64-linux-gnu/crti.o
 .data          0x0000000000005004        0x0 /usr/lib/gcc/x86_64-linux-gnu/11/crtbeginS.o
 *fill*         0x0000000000005004        0x4 
 .data.rel.local
                0x0000000000005008        0x8 /usr/lib/gcc/x86_64-linux-gnu/11/crtbeginS.o
                0x0000000000005008                __dso_handle
 .data          0x0000000000005010        0x0 ./src/main.o
 .data          0x0000000000005010        0x0 ./src/memory.o
 .data          0x0000000000005010        0x0 ./src/course1.o
 .data          0x0000000000005010        0x0 ./src/data.o
 .data          0x0000000000005010        0xc ./src/stats.o
                0x0000000000005010                minimum
                0x0000000000005014                mean
                0x0000000000005018                median
 .data          0x000000000000501c        0x0 /usr/lib/gcc/x86_64-linux-gnu/11/crtendS.o
 .data          0x000000000000501c        0x0 /usr/lib/gcc/x86_64-linux-gnu/11/../../../x86_64-linux-gnu/crtn.o

.tm_clone_table
                0x0000000000005020        0x0
 .tm_clone_table
                0x0000000000005020        0x0 /usr/lib/gcc/x86_64-linux-gnu/11/crtbeginS.o
 .tm_clone_table
                0x0000000000005020        0x0 /usr/lib/gcc/x86_64-linux-gnu/11/crtendS.o

.data1
 *(.data1)
                0x000000000000501c                _edata = .
                [!provide]                        PROVIDE (edata = .)
                0x0000000000005020                . = .
                0x000000000000501c                __bss_start = .

.bss            0x0000000000005020       0x18
 *(.dynbss)
 .dynbss        0x0000000000005020        0x0 /usr/lib/gcc/x86_64-linux-gnu/11/../../../x86_64-linux-gnu/Scrt1.o
 *(.bss .bss.* .gnu.linkonce.b.*)
 .bss           0x0000000000005020        0x0 /usr/lib/gcc/x86_64-linux-gnu/11/../../../x86_64-linux-gnu/Scrt1.o
 .bss           0x0000000000005020        0x0 /usr/lib/gcc/x86_64-linux-gnu/11/../../../x86_64-linux-gnu/crti.o
 .bss           0x0000000000005020        0x1 /usr/lib/gcc/x86_64-linux-gnu/11/crtbeginS.o
 *fill*         0x0000000000005021        0x7 
 .bss           0x0000000000005028        0xa ./src/main.o
                0x0000000000005028                buffer
 .bss           0x0000000000005032        0x0 ./src/memory.o
 .bss           0x0000000000005032        0x0 ./src/course1.o
 .bss           0x0000000000005032        0x0 ./src/data.o
 .bss           0x0000000000005032        0x1 ./src/stats.o
                0x0000000000005032                maximum
 .bss           0x0000000000005033        0x0 /usr/lib/gcc/x86_64-linux-gnu/11/crtendS.o
 .bss           0x0000000000005033        0x0 /usr/lib/gcc/x86_64-linux-gnu/11/../../../x86_64-linux-gnu/crtn.o
 *(COMMON)
                0x0000000000005038                . = ALIGN ((. != 0x0)?0x8:0x1)
 *fill*         0x0000000000005033        0x5 

.lbss
 *(.dynlbss)
 *(.lbss .lbss.* .gnu.linkonce.lb.*)
 *(LARGE_COMMON)
                0x0000000000005038                . = ALIGN (0x8)
                0x0000000000005038                . = SEGMENT_START ("ldata-segment", .)

.lrodata
 *(.lrodata .lrodata.* .gnu.linkonce.lr.*)

.ldata          0x0000000000007038        0x0
 *(.ldata .ldata.* .gnu.linkonce.l.*)
                0x0000000000007038                . = ALIGN ((. != 0x0)?0x8:0x1)
                0x0000000000007038                . = ALIGN (0x8)
                0x0000000000005038                _end = .
                [!provide]                        PROVIDE (end = .)
                0x0000000000007038                . = DATA_SEGMENT_END (.)

.stab
 *(.stab)

.stabstr
 *(.stabstr)

.stab.excl
 *(.stab.excl)

.stab.exclstr
 *(.stab.exclstr)

.stab.index
 *(.stab.index)

.stab.indexstr
 *(.stab.indexstr)

.comment        0x0000000000000000       0x2b
 *(.comment)
 .comment       0x0000000000000000       0x2b /usr/lib/gcc/x86_64-linux-gnu/11/crtbeginS.o
                                         0x2c (size before relaxing)
 .comment       0x000000000000002b       0x2c ./src/main.o
 .comment       0x000000000000002b       0x2c ./src/memory.o
 .comment       0x000000000000002b       0x2c ./src/course1.o
 .comment       0x000000000000002b       0x2c ./src/data.o
 .comment       0x000000000000002b       0x2c ./src/stats.o
 .comment       0x000000000000002b       0x2c /usr/lib/gcc/x86_64-linux-gnu/11/crtendS.o

.gnu.build.attributes
 *(.gnu.build.attributes .gnu.build.attributes.*)

.debug
 *(.debug)

.line
 *(.line)

.debug_srcinfo
 *(.debug_srcinfo)

.debug_sfnames
 *(.debug_sfnames)

.debug_aranges  0x0000000000000000       0xf0
 *(.debug_aranges)
 .debug_aranges
                0x0000000000000000       0x30 ./src/main.o
 .debug_aranges
                0x0000000000000030       0x30 ./src/memory.o
 .debug_aranges
                0x0000000000000060       0x30 ./src/course1.o
 .debug_aranges
                0x0000000000000090       0x30 ./src/data.o
 .debug_aranges
                0x00000000000000c0       0x30 ./src/stats.o

.debug_pubnames
 *(.debug_pubnames)

.debug_info     0x0000000000000000     0x10c0
 *(.debug_info .gnu.linkonce.wi.*)
 .debug_info    0x0000000000000000       0xc1 ./src/main.o
 .debug_info    0x00000000000000c1      0x419 ./src/memory.o
 .debug_info    0x00000000000004da      0x59f ./src/course1.o
 .debug_info    0x0000000000000a79      0x228 ./src/data.o
 .debug_info    0x0000000000000ca1      0x41f ./src/stats.o

.debug_abbrev   0x0000000000000000      0x59e
 *(.debug_abbrev)
 .debug_abbrev  0x0000000000000000       0x7d ./src/main.o
 .debug_abbrev  0x000000000000007d      0x124 ./src/memory.o
 .debug_abbrev  0x00000000000001a1      0x160 ./src/course1.o
 .debug_abbrev  0x0000000000000301       0xe8 ./src/data.o
 .debug_abbrev  0x00000000000003e9      0x1b5 ./src/stats.o

.debug_line     0x0000000000000000      0x772
 *(.debug_line .debug_line.* .debug_line_end)
 .debug_line    0x0000000000000000       0x61 ./src/main.o
 .debug_line    0x0000000000000061      0x101 ./src/memory.o
 .debug_line    0x0000000000000162      0x388 ./src/course1.o
 .debug_line    0x00000000000004ea      0x113 ./src/data.o
 .debug_line    0x00000000000005fd      0x175 ./src/stats.o

.debug_frame
 *(.debug_frame)

.debug_str      0x0000000000000000      0x35c
 *(.debug_str)
 .debug_str     0x0000000000000000       0xfa ./src/main.o
                                        0x121 (size before relaxing)
 .debug_str     0x00000000000000fa       0xc5 ./src/memory.o
                                        0x1f1 (size before relaxing)
 .debug_str     0x00000000000001bf       0xb2 ./src/course1.o
                                        0x267 (size before relaxing)
 .debug_str     0x0000000000000271       0x43 ./src/data.o
                                        0x1a7 (size before relaxing)
 .debug_str     0x00000000000002b4       0xa8 ./src/stats.o
                                        0x1f6 (size before relaxing)

.debug_loc
 *(.debug_loc)

.debug_macinfo
 *(.debug_macinfo)

.debug_weaknames
 *(.debug_weaknames)

.debug_funcnames
 *(.debug_funcnames)

.debug_typenames
 *(.debug_typenames)

.debug_varnames
 *(.debug_varnames)

.debug_pubtypes
 *(.debug_pubtypes)

.debug_ranges
 *(.debug_ranges)

.debug_addr
 *(.debug_addr)

.debug_line_str
                0x0000000000000000      0x15c
 *(.debug_line_str)
 .debug_line_str
                0x0000000000000000       0x71 ./src/main.o
                                         0xc6 (size before relaxing)
 .debug_line_str
                0x0000000000000071       0x9d ./src/memory.o
                                        0x141 (size before relaxing)
 .debug_line_str
                0x000000000000010e       0x2e ./src/course1.o
                                        0x16c (size before relaxing)
 .debug_line_str
                0x000000000000013c        0xb ./src/data.o
                                         0xf3 (size before relaxing)
 .debug_line_str
                0x0000000000000147       0x15 ./src/stats.o
                                        0x107 (size before relaxing)

.debug_loclists
 *(.debug_loclists)

.debug_macro
 *(.debug_macro)

.debug_names
 *(.debug_names)

.debug_rnglists
 *(.debug_rnglists)

.debug_str_offsets
 *(.debug_str_offsets)

.debug_sup
 *(.debug_sup)

.gnu.attributes
 *(.gnu.attributes)

/DISCARD/
 *(.note.GNU-stack)
 *(.gnu_debuglink)
 *(.gnu.lto_*)
OUTPUT(course1.out elf64-x86-64)
